Number of functions defined: 0
Number of comments: 1
Number of strings: 1
