Global Variable x: line 2
Global Variable y: line 3
Global Variable z: line 4

Number of functions defined: 0
Number of comments: 0
Number of strings: 2
