Global Variable x: line 2

Number of functions defined: 1
Number of comments: 0
Number of strings: 0
