Global Variable x: line 2
Global Variable s: line 3

Number of functions defined: 1
Number of comments: 2
Number of strings: 1
