Number of functions defined: 1
Number of comments: 0
Number of strings: 1
