Global Variable x: line 2
Global Variable y: line 9

Number of functions defined: 2
Number of comments: 1
Number of strings: 1
