Global Variable x: line 3

Number of functions defined: 0
Number of comments: 6
Number of strings: 0
